
> eventplanner-backend@1.0.0 dev
> node --watch src/index.js

Restarting 'src/index.js'
Restarting 'src/index.js'
Restarting 'src/index.js'
Restarting 'src/index.js'
Restarting 'src/index.js'
Restarting 'src/index.js'
Restarting 'src/index.js'
Restarting 'src/index.js'
Restarting 'src/index.js'
Restarting 'src/index.js'
Restarting 'src/index.js'
Restarting 'src/index.js'
Restarting 'src/index.js'
Restarting 'src/index.js'
Restarting 'src/index.js'
Restarting 'src/index.js'
Restarting 'src/index.js'
Restarting 'src/index.js'
Restarting 'src/index.js'
Restarting 'src/index.js'
Restarting 'src/index.js'
Restarting 'src/index.js'
Restarting 'src/index.js'
Restarting 'src/index.js'
Restarting 'src/index.js'
Restarting 'src/index.js'
Restarting 'src/index.js'
Restarting 'src/index.js'
Restarting 'src/index.js'
Restarting 'src/index.js'
Restarting 'src/index.js'
Restarting 'src/index.js'
Restarting 'src/index.js'
Restarting 'src/index.js'
Restarting 'src/index.js'
Restarting 'src/index.js'
Restarting 'src/index.js'
Restarting 'src/index.js'
Restarting 'src/index.js'
Restarting 'src/index.js'
Restarting 'src/index.js'
Restarting 'src/index.js'
Restarting 'src/index.js'
Restarting 'src/index.js'
Restarting 'src/index.js'
Restarting 'src/index.js'
Restarting 'src/index.js'
Restarting 'src/index.js'
Restarting 'src/index.js'
Restarting 'src/index.js'
Restarting 'src/index.js'
Restarting 'src/index.js'
Restarting 'src/index.js'
Restarting 'src/index.js'
Restarting 'src/index.js'
Restarting 'src/index.js'
Restarting 'src/index.js'
Restarting 'src/index.js'
Restarting 'src/index.js'
Restarting 'src/index.js'
Restarting 'src/index.js'
Restarting 'src/index.js'
Restarting 'src/index.js'
Restarting 'src/index.js'
Restarting 'src/index.js'
Restarting 'src/index.js'
Restarting 'src/index.js'
Restarting 'src/index.js'
Restarting 'src/index.js'
Restarting 'src/index.js'
Restarting 'src/index.js'
Restarting 'src/index.js'
Restarting 'src/index.js'
Restarting 'src/index.js'
Restarting 'src/index.js'
Restarting 'src/index.js'
Restarting 'src/index.js'
Restarting 'src/index.js'
Restarting 'src/index.js'
Restarting 'src/index.js'
Restarting 'src/index.js'
Restarting 'src/index.js'
Restarting 'src/index.js'
Restarting 'src/index.js'
Restarting 'src/index.js'
Restarting 'src/index.js'
Restarting 'src/index.js'
Restarting 'src/index.js'
Restarting 'src/index.js'
Restarting 'src/index.js'
Restarting 'src/index.js'
Restarting 'src/index.js'
Restarting 'src/index.js'
Restarting 'src/index.js'
Restarting 'src/index.js'
Restarting 'src/index.js'
Restarting 'src/index.js'
Restarting 'src/index.js'
Restarting 'src/index.js'
Restarting 'src/index.js'
Restarting 'src/index.js'
Restarting 'src/index.js'
Restarting 'src/index.js'
Restarting 'src/index.js'
Restarting 'src/index.js'
Restarting 'src/index.js'
Restarting 'src/index.js'
Restarting 'src/index.js'
Restarting 'src/index.js'
Restarting 'src/index.js'
Restarting 'src/index.js'
Restarting 'src/index.js'
Restarting 'src/index.js'
Restarting 'src/index.js'
Restarting 'src/index.js'
Restarting 'src/index.js'
Restarting 'src/index.js'
Restarting 'src/index.js'
Restarting 'src/index.js'
Restarting 'src/index.js'
Restarting 'src/index.js'
Restarting 'src/index.js'
Restarting 'src/index.js'
Restarting 'src/index.js'
Restarting 'src/index.js'
Restarting 'src/index.js'
Restarting 'src/index.js'
Restarting 'src/index.js'
Restarting 'src/index.js'
Restarting 'src/index.js'
Restarting 'src/index.js'
Restarting 'src/index.js'
Restarting 'src/index.js'
Restarting 'src/index.js'
Restarting 'src/index.js'
Restarting 'src/index.js'
Restarting 'src/index.js'
Restarting 'src/index.js'
Restarting 'src/index.js'
Restarting 'src/index.js'
Restarting 'src/index.js'
Restarting 'src/index.js'
Restarting 'src/index.js'
Restarting 'src/index.js'
Restarting 'src/index.js'
Restarting 'src/index.js'
Restarting 'src/index.js'
Restarting 'src/index.js'
Restarting 'src/index.js'
Restarting 'src/index.js'
Restarting 'src/index.js'
Restarting 'src/index.js'
Restarting 'src/index.js'
Restarting 'src/index.js'
Restarting 'src/index.js'
Restarting 'src/index.js'
Restarting 'src/index.js'
Restarting 'src/index.js'
Restarting 'src/index.js'
Restarting 'src/index.js'
Restarting 'src/index.js'
Restarting 'src/index.js'
Restarting 'src/index.js'
Restarting 'src/index.js'
Restarting 'src/index.js'
Restarting 'src/index.js'
Restarting 'src/index.js'
Restarting 'src/index.js'
Restarting 'src/index.js'
Restarting 'src/index.js'
Restarting 'src/index.js'
Restarting 'src/index.js'
Restarting 'src/index.js'
Restarting 'src/index.js'
Restarting 'src/index.js'
Restarting 'src/index.js'
Restarting 'src/index.js'
Restarting 'src/index.js'
Restarting 'src/index.js'
Restarting 'src/index.js'
Restarting 'src/index.js'
Restarting 'src/index.js'
Restarting 'src/index.js'
Restarting 'src/index.js'
Restarting 'src/index.js'
Restarting 'src/index.js'
Restarting 'src/index.js'
Restarting 'src/index.js'
Restarting 'src/index.js'
Restarting 'src/index.js'
Restarting 'src/index.js'
Restarting 'src/index.js'
Restarting 'src/index.js'
Restarting 'src/index.js'
Restarting 'src/index.js'
Restarting 'src/index.js'
Restarting 'src/index.js'
Restarting 'src/index.js'
Restarting 'src/index.js'
Restarting 'src/index.js'
Restarting 'src/index.js'
Restarting 'src/index.js'
Restarting 'src/index.js'
Restarting 'src/index.js'
Restarting 'src/index.js'
Restarting 'src/index.js'
Restarting 'src/index.js'
Restarting 'src/index.js'
Restarting 'src/index.js'
Restarting 'src/index.js'
Restarting 'src/index.js'
Restarting 'src/index.js'
Restarting 'src/index.js'
Restarting 'src/index.js'
Restarting 'src/index.js'
Restarting 'src/index.js'
Restarting 'src/index.js'
Restarting 'src/index.js'
Restarting 'src/index.js'
Restarting 'src/index.js'
Restarting 'src/index.js'
Restarting 'src/index.js'
Restarting 'src/index.js'
Restarting 'src/index.js'
Restarting 'src/index.js'
Restarting 'src/index.js'
Restarting 'src/index.js'
Restarting 'src/index.js'
Restarting 'src/index.js'
Restarting 'src/index.js'
Restarting 'src/index.js'
Restarting 'src/index.js'
Restarting 'src/index.js'
Restarting 'src/index.js'
Restarting 'src/index.js'
Restarting 'src/index.js'
Restarting 'src/index.js'
Restarting 'src/index.js'
Restarting 'src/index.js'
Restarting 'src/index.js'
Restarting 'src/index.js'
Restarting 'src/index.js'
Restarting 'src/index.js'
Restarting 'src/index.js'
Restarting 'src/index.js'
Restarting 'src/index.js'
Restarting 'src/index.js'
Restarting 'src/index.js'
Restarting 'src/index.js'
Restarting 'src/index.js'
Restarting 'src/index.js'
Restarting 'src/index.js'
Restarting 'src/index.js'
Restarting 'src/index.js'
Restarting 'src/index.js'
Restarting 'src/index.js'
Restarting 'src/index.js'
Restarting 'src/index.js'
Restarting 'src/index.js'
Restarting 'src/index.js'
Restarting 'src/index.js'
Restarting 'src/index.js'
Restarting 'src/index.js'
Restarting 'src/index.js'
Restarting 'src/index.js'
Restarting 'src/index.js'
Restarting 'src/index.js'
Restarting 'src/index.js'
Restarting 'src/index.js'
Restarting 'src/index.js'
Restarting 'src/index.js'
Restarting 'src/index.js'
Restarting 'src/index.js'
Restarting 'src/index.js'
Restarting 'src/index.js'
Restarting 'src/index.js'
Restarting 'src/index.js'
Restarting 'src/index.js'
Restarting 'src/index.js'
Restarting 'src/index.js'
Restarting 'src/index.js'
Restarting 'src/index.js'
Restarting 'src/index.js'
Restarting 'src/index.js'
Restarting 'src/index.js'
Restarting 'src/index.js'
Restarting 'src/index.js'
Restarting 'src/index.js'
Restarting 'src/index.js'
Restarting 'src/index.js'
Restarting 'src/index.js'
Restarting 'src/index.js'
Restarting 'src/index.js'
Restarting 'src/index.js'
Restarting 'src/index.js'
Restarting 'src/index.js'
Failed running 'src/index.js'
Restarting 'src/index.js'
Event Planner API listening on http://localhost:4000
DB counts: { users: 12, works: 10, quotations: 6 }
