Node.js (v20.11.0) is outdated and unsupported. Please update to a newer Node.js LTS version (required: >=20.19.4)
Go to: https://nodejs.org/en/download

λ  WARN  [expo-notifications] Listening to push token changes is not yet fully supported on web. Adding a listener will have no effect. 
  console.logWithStack [as warn] (C:\my project\mobile\node_modules\expo\node_modules\@expo\cli\build\src\start\server\serverLogLikeMetro.js:214:27)
  Object.addListener (c:\my project\mobile\node_modules\expo-notifications\build\PushTokenManager.js:6:21)
  addPushTokenListener (c:\my project\mobile\node_modules\expo-notifications\build\TokenEmitter.js:34:29)
  factory (c:\my project\mobile\node_modules\expo-notifications\build\DevicePushTokenAutoRegistration.fx.js:78:25)
  loadModuleImplementation (c:\my project\mobile\node_modules\metro\node_modules\metro-runtime\src\polyfills\require.js:285:5)
  guardedLoadModule (c:\my project\mobile\node_modules\metro\node_modules\metro-runtime\src\polyfills\require.js:190:12)
  require (c:\my project\mobile\node_modules\metro\node_modules\metro-runtime\src\polyfills\require.js:98:7)
  factory (c:\my project\mobile\node_modules\expo-notifications\build\getExpoPushTokenAsync.js:4:1)
  loadModuleImplementation (c:\my project\mobile\node_modules\metro\node_modules\metro-runtime\src\polyfills\require.js:285:5)
  guardedLoadModule (c:\my project\mobile\node_modules\metro\node_modules\metro-runtime\src\polyfills\require.js:190:12)
λ  WARN  "shadow*" style props are deprecated. Use "boxShadow". 
  console.logWithStack [as warn] (C:\my project\mobile\node_modules\expo\node_modules\@expo\cli\build\src\start\server\serverLogLikeMetro.js:214:27)
  warnOnce (c:\my project\mobile\node_modules\react-native-web\dist\modules\warnOnce\index.js:24:13)
  preprocess (c:\my project\mobile\node_modules\react-native-web\dist\exports\StyleSheet\preprocess.js:136:13)
  compileAndInsertAtomic (c:\my project\mobile\node_modules\react-native-web\dist\exports\StyleSheet\index.js:56:34)
  <unknown> (c:\my project\mobile\node_modules\react-native-web\dist\exports\StyleSheet\index.js:99:26)
  Function.create (c:\my project\mobile\node_modules\react-native-web\dist\exports\StyleSheet\index.js:87:23)
  factory (c:\my project\mobile\src\components\ui.tsx:211:27)
  loadModuleImplementation (c:\my project\mobile\node_modules\metro\node_modules\metro-runtime\src\polyfills\require.js:285:5)
  guardedLoadModule (c:\my project\mobile\node_modules\metro\node_modules\metro-runtime\src\polyfills\require.js:190:12)
λ  WARN  [expo-notifications] Listening to push token changes is not yet fully supported on web. Adding a listener will have no effect. 
  console.logWithStack [as warn] (C:\my project\mobile\node_modules\expo\node_modules\@expo\cli\build\src\start\server\serverLogLikeMetro.js:214:27)
  Object.addListener (c:\my project\mobile\node_modules\expo-notifications\build\PushTokenManager.js:6:21)
  addPushTokenListener (c:\my project\mobile\node_modules\expo-notifications\build\TokenEmitter.js:34:29)
  factory (c:\my project\mobile\node_modules\expo-notifications\build\DevicePushTokenAutoRegistration.fx.js:78:25)
  loadModuleImplementation (c:\my project\mobile\node_modules\metro\node_modules\metro-runtime\src\polyfills\require.js:285:5)
  guardedLoadModule (c:\my project\mobile\node_modules\metro\node_modules\metro-runtime\src\polyfills\require.js:190:12)
  require (c:\my project\mobile\node_modules\metro\node_modules\metro-runtime\src\polyfills\require.js:98:7)
  factory (c:\my project\mobile\node_modules\expo-notifications\build\getExpoPushTokenAsync.js:4:1)
  loadModuleImplementation (c:\my project\mobile\node_modules\metro\node_modules\metro-runtime\src\polyfills\require.js:285:5)
  guardedLoadModule (c:\my project\mobile\node_modules\metro\node_modules\metro-runtime\src\polyfills\require.js:190:12)
λ  WARN  "shadow*" style props are deprecated. Use "boxShadow". 
  console.logWithStack [as warn] (C:\my project\mobile\node_modules\expo\node_modules\@expo\cli\build\src\start\server\serverLogLikeMetro.js:214:27)
  warnOnce (c:\my project\mobile\node_modules\react-native-web\dist\modules\warnOnce\index.js:24:13)
  preprocess (c:\my project\mobile\node_modules\react-native-web\dist\exports\StyleSheet\preprocess.js:136:13)
  compileAndInsertAtomic (c:\my project\mobile\node_modules\react-native-web\dist\exports\StyleSheet\index.js:56:34)
  <unknown> (c:\my project\mobile\node_modules\react-native-web\dist\exports\StyleSheet\index.js:99:26)
  Function.create (c:\my project\mobile\node_modules\react-native-web\dist\exports\StyleSheet\index.js:87:23)
  factory (c:\my project\mobile\src\components\ui.tsx:211:27)
  loadModuleImplementation (c:\my project\mobile\node_modules\metro\node_modules\metro-runtime\src\polyfills\require.js:285:5)
  guardedLoadModule (c:\my project\mobile\node_modules\metro\node_modules\metro-runtime\src\polyfills\require.js:190:12)
λ  WARN  [expo-notifications] Listening to push token changes is not yet fully supported on web. Adding a listener will have no effect. 
  console.logWithStack [as warn] (C:\my project\mobile\node_modules\expo\node_modules\@expo\cli\build\src\start\server\serverLogLikeMetro.js:214:27)
  Object.addListener (c:\my project\mobile\node_modules\expo-notifications\build\PushTokenManager.js:6:21)
  addPushTokenListener (c:\my project\mobile\node_modules\expo-notifications\build\TokenEmitter.js:34:29)
  factory (c:\my project\mobile\node_modules\expo-notifications\build\DevicePushTokenAutoRegistration.fx.js:78:25)
  loadModuleImplementation (c:\my project\mobile\node_modules\metro\node_modules\metro-runtime\src\polyfills\require.js:285:5)
  guardedLoadModule (c:\my project\mobile\node_modules\metro\node_modules\metro-runtime\src\polyfills\require.js:190:12)
  require (c:\my project\mobile\node_modules\metro\node_modules\metro-runtime\src\polyfills\require.js:98:7)
  factory (c:\my project\mobile\node_modules\expo-notifications\build\getExpoPushTokenAsync.js:4:1)
  loadModuleImplementation (c:\my project\mobile\node_modules\metro\node_modules\metro-runtime\src\polyfills\require.js:285:5)
  guardedLoadModule (c:\my project\mobile\node_modules\metro\node_modules\metro-runtime\src\polyfills\require.js:190:12)
λ  WARN  "shadow*" style props are deprecated. Use "boxShadow". 
  console.logWithStack [as warn] (C:\my project\mobile\node_modules\expo\node_modules\@expo\cli\build\src\start\server\serverLogLikeMetro.js:214:27)
  warnOnce (c:\my project\mobile\node_modules\react-native-web\dist\modules\warnOnce\index.js:24:13)
  preprocess (c:\my project\mobile\node_modules\react-native-web\dist\exports\StyleSheet\preprocess.js:136:13)
  compileAndInsertAtomic (c:\my project\mobile\node_modules\react-native-web\dist\exports\StyleSheet\index.js:56:34)
  <unknown> (c:\my project\mobile\node_modules\react-native-web\dist\exports\StyleSheet\index.js:99:26)
  Function.create (c:\my project\mobile\node_modules\react-native-web\dist\exports\StyleSheet\index.js:87:23)
  factory (c:\my project\mobile\src\components\ui.tsx:211:27)
  loadModuleImplementation (c:\my project\mobile\node_modules\metro\node_modules\metro-runtime\src\polyfills\require.js:285:5)
  guardedLoadModule (c:\my project\mobile\node_modules\metro\node_modules\metro-runtime\src\polyfills\require.js:190:12)
λ  WARN  [expo-notifications] Listening to push token changes is not yet fully supported on web. Adding a listener will have no effect. 
  console.logWithStack [as warn] (C:\my project\mobile\node_modules\expo\node_modules\@expo\cli\build\src\start\server\serverLogLikeMetro.js:214:27)
  Object.addListener (c:\my project\mobile\node_modules\expo-notifications\build\PushTokenManager.js:6:21)
  addPushTokenListener (c:\my project\mobile\node_modules\expo-notifications\build\TokenEmitter.js:34:29)
  factory (c:\my project\mobile\node_modules\expo-notifications\build\DevicePushTokenAutoRegistration.fx.js:78:25)
  loadModuleImplementation (c:\my project\mobile\node_modules\metro\node_modules\metro-runtime\src\polyfills\require.js:285:5)
  guardedLoadModule (c:\my project\mobile\node_modules\metro\node_modules\metro-runtime\src\polyfills\require.js:190:12)
  require (c:\my project\mobile\node_modules\metro\node_modules\metro-runtime\src\polyfills\require.js:98:7)
  factory (c:\my project\mobile\node_modules\expo-notifications\build\getExpoPushTokenAsync.js:4:1)
  loadModuleImplementation (c:\my project\mobile\node_modules\metro\node_modules\metro-runtime\src\polyfills\require.js:285:5)
  guardedLoadModule (c:\my project\mobile\node_modules\metro\node_modules\metro-runtime\src\polyfills\require.js:190:12)
λ  WARN  "shadow*" style props are deprecated. Use "boxShadow". 
  console.logWithStack [as warn] (C:\my project\mobile\node_modules\expo\node_modules\@expo\cli\build\src\start\server\serverLogLikeMetro.js:214:27)
  warnOnce (c:\my project\mobile\node_modules\react-native-web\dist\modules\warnOnce\index.js:24:13)
  preprocess (c:\my project\mobile\node_modules\react-native-web\dist\exports\StyleSheet\preprocess.js:136:13)
  compileAndInsertAtomic (c:\my project\mobile\node_modules\react-native-web\dist\exports\StyleSheet\index.js:56:34)
  <unknown> (c:\my project\mobile\node_modules\react-native-web\dist\exports\StyleSheet\index.js:99:26)
  Function.create (c:\my project\mobile\node_modules\react-native-web\dist\exports\StyleSheet\index.js:87:23)
  factory (c:\my project\mobile\src\components\ui.tsx:211:27)
  loadModuleImplementation (c:\my project\mobile\node_modules\metro\node_modules\metro-runtime\src\polyfills\require.js:285:5)
  guardedLoadModule (c:\my project\mobile\node_modules\metro\node_modules\metro-runtime\src\polyfills\require.js:190:12)
λ  WARN  [expo-notifications] Listening to push token changes is not yet fully supported on web. Adding a listener will have no effect. 
  console.logWithStack [as warn] (C:\my project\mobile\node_modules\expo\node_modules\@expo\cli\build\src\start\server\serverLogLikeMetro.js:214:27)
  Object.addListener (c:\my project\mobile\node_modules\expo-notifications\build\PushTokenManager.js:6:21)
  addPushTokenListener (c:\my project\mobile\node_modules\expo-notifications\build\TokenEmitter.js:34:29)
  factory (c:\my project\mobile\node_modules\expo-notifications\build\DevicePushTokenAutoRegistration.fx.js:78:25)
  loadModuleImplementation (c:\my project\mobile\node_modules\metro\node_modules\metro-runtime\src\polyfills\require.js:285:5)
  guardedLoadModule (c:\my project\mobile\node_modules\metro\node_modules\metro-runtime\src\polyfills\require.js:190:12)
  require (c:\my project\mobile\node_modules\metro\node_modules\metro-runtime\src\polyfills\require.js:98:7)
  factory (c:\my project\mobile\node_modules\expo-notifications\build\getExpoPushTokenAsync.js:4:1)
  loadModuleImplementation (c:\my project\mobile\node_modules\metro\node_modules\metro-runtime\src\polyfills\require.js:285:5)
  guardedLoadModule (c:\my project\mobile\node_modules\metro\node_modules\metro-runtime\src\polyfills\require.js:190:12)
λ  WARN  "shadow*" style props are deprecated. Use "boxShadow". 
  console.logWithStack [as warn] (C:\my project\mobile\node_modules\expo\node_modules\@expo\cli\build\src\start\server\serverLogLikeMetro.js:214:27)
  warnOnce (c:\my project\mobile\node_modules\react-native-web\dist\modules\warnOnce\index.js:24:13)
  preprocess (c:\my project\mobile\node_modules\react-native-web\dist\exports\StyleSheet\preprocess.js:136:13)
  compileAndInsertAtomic (c:\my project\mobile\node_modules\react-native-web\dist\exports\StyleSheet\index.js:56:34)
  <unknown> (c:\my project\mobile\node_modules\react-native-web\dist\exports\StyleSheet\index.js:99:26)
  Function.create (c:\my project\mobile\node_modules\react-native-web\dist\exports\StyleSheet\index.js:87:23)
  factory (c:\my project\mobile\src\components\ui.tsx:211:27)
  loadModuleImplementation (c:\my project\mobile\node_modules\metro\node_modules\metro-runtime\src\polyfills\require.js:285:5)
  guardedLoadModule (c:\my project\mobile\node_modules\metro\node_modules\metro-runtime\src\polyfills\require.js:190:12)
λ  WARN  [expo-notifications] Listening to push token changes is not yet fully supported on web. Adding a listener will have no effect. 
  console.logWithStack [as warn] (C:\my project\mobile\node_modules\expo\node_modules\@expo\cli\build\src\start\server\serverLogLikeMetro.js:214:27)
  Object.addListener (c:\my project\mobile\node_modules\expo-notifications\build\PushTokenManager.js:6:21)
  addPushTokenListener (c:\my project\mobile\node_modules\expo-notifications\build\TokenEmitter.js:34:29)
  factory (c:\my project\mobile\node_modules\expo-notifications\build\DevicePushTokenAutoRegistration.fx.js:78:25)
  loadModuleImplementation (c:\my project\mobile\node_modules\metro\node_modules\metro-runtime\src\polyfills\require.js:285:5)
  guardedLoadModule (c:\my project\mobile\node_modules\metro\node_modules\metro-runtime\src\polyfills\require.js:190:12)
  require (c:\my project\mobile\node_modules\metro\node_modules\metro-runtime\src\polyfills\require.js:98:7)
  factory (c:\my project\mobile\node_modules\expo-notifications\build\getExpoPushTokenAsync.js:4:1)
  loadModuleImplementation (c:\my project\mobile\node_modules\metro\node_modules\metro-runtime\src\polyfills\require.js:285:5)
  guardedLoadModule (c:\my project\mobile\node_modules\metro\node_modules\metro-runtime\src\polyfills\require.js:190:12)
λ  WARN  "shadow*" style props are deprecated. Use "boxShadow". 
  console.logWithStack [as warn] (C:\my project\mobile\node_modules\expo\node_modules\@expo\cli\build\src\start\server\serverLogLikeMetro.js:214:27)
  warnOnce (c:\my project\mobile\node_modules\react-native-web\dist\modules\warnOnce\index.js:24:13)
  preprocess (c:\my project\mobile\node_modules\react-native-web\dist\exports\StyleSheet\preprocess.js:136:13)
  compileAndInsertAtomic (c:\my project\mobile\node_modules\react-native-web\dist\exports\StyleSheet\index.js:56:34)
  <unknown> (c:\my project\mobile\node_modules\react-native-web\dist\exports\StyleSheet\index.js:99:26)
  Function.create (c:\my project\mobile\node_modules\react-native-web\dist\exports\StyleSheet\index.js:87:23)
  factory (c:\my project\mobile\src\components\ui.tsx:211:27)
  loadModuleImplementation (c:\my project\mobile\node_modules\metro\node_modules\metro-runtime\src\polyfills\require.js:285:5)
  guardedLoadModule (c:\my project\mobile\node_modules\metro\node_modules\metro-runtime\src\polyfills\require.js:190:12)
λ  WARN  [expo-notifications] Listening to push token changes is not yet fully supported on web. Adding a listener will have no effect. 
  console.logWithStack [as warn] (C:\my project\mobile\node_modules\expo\node_modules\@expo\cli\build\src\start\server\serverLogLikeMetro.js:214:27)
  Object.addListener (c:\my project\mobile\node_modules\expo-notifications\build\PushTokenManager.js:6:21)
  addPushTokenListener (c:\my project\mobile\node_modules\expo-notifications\build\TokenEmitter.js:34:29)
  factory (c:\my project\mobile\node_modules\expo-notifications\build\DevicePushTokenAutoRegistration.fx.js:78:25)
  loadModuleImplementation (c:\my project\mobile\node_modules\metro\node_modules\metro-runtime\src\polyfills\require.js:285:5)
  guardedLoadModule (c:\my project\mobile\node_modules\metro\node_modules\metro-runtime\src\polyfills\require.js:190:12)
  require (c:\my project\mobile\node_modules\metro\node_modules\metro-runtime\src\polyfills\require.js:98:7)
  factory (c:\my project\mobile\node_modules\expo-notifications\build\getExpoPushTokenAsync.js:4:1)
  loadModuleImplementation (c:\my project\mobile\node_modules\metro\node_modules\metro-runtime\src\polyfills\require.js:285:5)
  guardedLoadModule (c:\my project\mobile\node_modules\metro\node_modules\metro-runtime\src\polyfills\require.js:190:12)
λ  WARN  "shadow*" style props are deprecated. Use "boxShadow". 
  console.logWithStack [as warn] (C:\my project\mobile\node_modules\expo\node_modules\@expo\cli\build\src\start\server\serverLogLikeMetro.js:214:27)
  warnOnce (c:\my project\mobile\node_modules\react-native-web\dist\modules\warnOnce\index.js:24:13)
  preprocess (c:\my project\mobile\node_modules\react-native-web\dist\exports\StyleSheet\preprocess.js:136:13)
  compileAndInsertAtomic (c:\my project\mobile\node_modules\react-native-web\dist\exports\StyleSheet\index.js:56:34)
  <unknown> (c:\my project\mobile\node_modules\react-native-web\dist\exports\StyleSheet\index.js:99:26)
  Function.create (c:\my project\mobile\node_modules\react-native-web\dist\exports\StyleSheet\index.js:87:23)
  factory (c:\my project\mobile\src\components\ui.tsx:211:27)
  loadModuleImplementation (c:\my project\mobile\node_modules\metro\node_modules\metro-runtime\src\polyfills\require.js:285:5)
  guardedLoadModule (c:\my project\mobile\node_modules\metro\node_modules\metro-runtime\src\polyfills\require.js:190:12)
λ  WARN  [expo-notifications] Listening to push token changes is not yet fully supported on web. Adding a listener will have no effect. 
  console.logWithStack [as warn] (C:\my project\mobile\node_modules\expo\node_modules\@expo\cli\build\src\start\server\serverLogLikeMetro.js:214:27)
  Object.addListener (c:\my project\mobile\node_modules\expo-notifications\build\PushTokenManager.js:6:21)
  addPushTokenListener (c:\my project\mobile\node_modules\expo-notifications\build\TokenEmitter.js:34:29)
  factory (c:\my project\mobile\node_modules\expo-notifications\build\DevicePushTokenAutoRegistration.fx.js:78:25)
  loadModuleImplementation (c:\my project\mobile\node_modules\metro\node_modules\metro-runtime\src\polyfills\require.js:285:5)
  guardedLoadModule (c:\my project\mobile\node_modules\metro\node_modules\metro-runtime\src\polyfills\require.js:190:12)
  require (c:\my project\mobile\node_modules\metro\node_modules\metro-runtime\src\polyfills\require.js:98:7)
  factory (c:\my project\mobile\node_modules\expo-notifications\build\getExpoPushTokenAsync.js:4:1)
  loadModuleImplementation (c:\my project\mobile\node_modules\metro\node_modules\metro-runtime\src\polyfills\require.js:285:5)
  guardedLoadModule (c:\my project\mobile\node_modules\metro\node_modules\metro-runtime\src\polyfills\require.js:190:12)
λ  WARN  "shadow*" style props are deprecated. Use "boxShadow". 
  console.logWithStack [as warn] (C:\my project\mobile\node_modules\expo\node_modules\@expo\cli\build\src\start\server\serverLogLikeMetro.js:214:27)
  warnOnce (c:\my project\mobile\node_modules\react-native-web\dist\modules\warnOnce\index.js:24:13)
  preprocess (c:\my project\mobile\node_modules\react-native-web\dist\exports\StyleSheet\preprocess.js:136:13)
  compileAndInsertAtomic (c:\my project\mobile\node_modules\react-native-web\dist\exports\StyleSheet\index.js:56:34)
  <unknown> (c:\my project\mobile\node_modules\react-native-web\dist\exports\StyleSheet\index.js:99:26)
  Function.create (c:\my project\mobile\node_modules\react-native-web\dist\exports\StyleSheet\index.js:87:23)
  factory (c:\my project\mobile\src\components\ui.tsx:211:27)
  loadModuleImplementation (c:\my project\mobile\node_modules\metro\node_modules\metro-runtime\src\polyfills\require.js:285:5)
  guardedLoadModule (c:\my project\mobile\node_modules\metro\node_modules\metro-runtime\src\polyfills\require.js:190:12)
λ  WARN  [expo-notifications] Listening to push token changes is not yet fully supported on web. Adding a listener will have no effect. 
  console.logWithStack [as warn] (C:\my project\mobile\node_modules\expo\node_modules\@expo\cli\build\src\start\server\serverLogLikeMetro.js:214:27)
  Object.addListener (c:\my project\mobile\node_modules\expo-notifications\build\PushTokenManager.js:6:21)
  addPushTokenListener (c:\my project\mobile\node_modules\expo-notifications\build\TokenEmitter.js:34:29)
  factory (c:\my project\mobile\node_modules\expo-notifications\build\DevicePushTokenAutoRegistration.fx.js:78:25)
  loadModuleImplementation (c:\my project\mobile\node_modules\metro\node_modules\metro-runtime\src\polyfills\require.js:285:5)
  guardedLoadModule (c:\my project\mobile\node_modules\metro\node_modules\metro-runtime\src\polyfills\require.js:190:12)
  require (c:\my project\mobile\node_modules\metro\node_modules\metro-runtime\src\polyfills\require.js:98:7)
  factory (c:\my project\mobile\node_modules\expo-notifications\build\getExpoPushTokenAsync.js:4:1)
  loadModuleImplementation (c:\my project\mobile\node_modules\metro\node_modules\metro-runtime\src\polyfills\require.js:285:5)
  guardedLoadModule (c:\my project\mobile\node_modules\metro\node_modules\metro-runtime\src\polyfills\require.js:190:12)
λ  WARN  "shadow*" style props are deprecated. Use "boxShadow". 
  console.logWithStack [as warn] (C:\my project\mobile\node_modules\expo\node_modules\@expo\cli\build\src\start\server\serverLogLikeMetro.js:214:27)
  warnOnce (c:\my project\mobile\node_modules\react-native-web\dist\modules\warnOnce\index.js:24:13)
  preprocess (c:\my project\mobile\node_modules\react-native-web\dist\exports\StyleSheet\preprocess.js:136:13)
  compileAndInsertAtomic (c:\my project\mobile\node_modules\react-native-web\dist\exports\StyleSheet\index.js:56:34)
  <unknown> (c:\my project\mobile\node_modules\react-native-web\dist\exports\StyleSheet\index.js:99:26)
  Function.create (c:\my project\mobile\node_modules\react-native-web\dist\exports\StyleSheet\index.js:87:23)
  factory (c:\my project\mobile\src\components\ui.tsx:211:27)
  loadModuleImplementation (c:\my project\mobile\node_modules\metro\node_modules\metro-runtime\src\polyfills\require.js:285:5)
  guardedLoadModule (c:\my project\mobile\node_modules\metro\node_modules\metro-runtime\src\polyfills\require.js:190:12)
λ  WARN  [expo-notifications] Listening to push token changes is not yet fully supported on web. Adding a listener will have no effect. 
  console.logWithStack [as warn] (C:\my project\mobile\node_modules\expo\node_modules\@expo\cli\build\src\start\server\serverLogLikeMetro.js:214:27)
  Object.addListener (c:\my project\mobile\node_modules\expo-notifications\build\PushTokenManager.js:6:21)
  addPushTokenListener (c:\my project\mobile\node_modules\expo-notifications\build\TokenEmitter.js:34:29)
  factory (c:\my project\mobile\node_modules\expo-notifications\build\DevicePushTokenAutoRegistration.fx.js:78:25)
  loadModuleImplementation (c:\my project\mobile\node_modules\metro\node_modules\metro-runtime\src\polyfills\require.js:285:5)
  guardedLoadModule (c:\my project\mobile\node_modules\metro\node_modules\metro-runtime\src\polyfills\require.js:190:12)
  require (c:\my project\mobile\node_modules\metro\node_modules\metro-runtime\src\polyfills\require.js:98:7)
  factory (c:\my project\mobile\node_modules\expo-notifications\build\getExpoPushTokenAsync.js:4:1)
  loadModuleImplementation (c:\my project\mobile\node_modules\metro\node_modules\metro-runtime\src\polyfills\require.js:285:5)
  guardedLoadModule (c:\my project\mobile\node_modules\metro\node_modules\metro-runtime\src\polyfills\require.js:190:12)
λ  WARN  "shadow*" style props are deprecated. Use "boxShadow". 
  console.logWithStack [as warn] (C:\my project\mobile\node_modules\expo\node_modules\@expo\cli\build\src\start\server\serverLogLikeMetro.js:214:27)
  warnOnce (c:\my project\mobile\node_modules\react-native-web\dist\modules\warnOnce\index.js:24:13)
  preprocess (c:\my project\mobile\node_modules\react-native-web\dist\exports\StyleSheet\preprocess.js:136:13)
  compileAndInsertAtomic (c:\my project\mobile\node_modules\react-native-web\dist\exports\StyleSheet\index.js:56:34)
  <unknown> (c:\my project\mobile\node_modules\react-native-web\dist\exports\StyleSheet\index.js:99:26)
  Function.create (c:\my project\mobile\node_modules\react-native-web\dist\exports\StyleSheet\index.js:87:23)
  factory (c:\my project\mobile\src\components\ui.tsx:211:27)
  loadModuleImplementation (c:\my project\mobile\node_modules\metro\node_modules\metro-runtime\src\polyfills\require.js:285:5)
  guardedLoadModule (c:\my project\mobile\node_modules\metro\node_modules\metro-runtime\src\polyfills\require.js:190:12)
λ  WARN  [expo-notifications] Listening to push token changes is not yet fully supported on web. Adding a listener will have no effect. 
  console.logWithStack [as warn] (C:\my project\mobile\node_modules\expo\node_modules\@expo\cli\build\src\start\server\serverLogLikeMetro.js:214:27)
  Object.addListener (c:\my project\mobile\node_modules\expo-notifications\build\PushTokenManager.js:6:21)
  addPushTokenListener (c:\my project\mobile\node_modules\expo-notifications\build\TokenEmitter.js:34:29)
  factory (c:\my project\mobile\node_modules\expo-notifications\build\DevicePushTokenAutoRegistration.fx.js:78:25)
  loadModuleImplementation (c:\my project\mobile\node_modules\metro\node_modules\metro-runtime\src\polyfills\require.js:285:5)
  guardedLoadModule (c:\my project\mobile\node_modules\metro\node_modules\metro-runtime\src\polyfills\require.js:190:12)
  require (c:\my project\mobile\node_modules\metro\node_modules\metro-runtime\src\polyfills\require.js:98:7)
  factory (c:\my project\mobile\node_modules\expo-notifications\build\getExpoPushTokenAsync.js:4:1)
  loadModuleImplementation (c:\my project\mobile\node_modules\metro\node_modules\metro-runtime\src\polyfills\require.js:285:5)
  guardedLoadModule (c:\my project\mobile\node_modules\metro\node_modules\metro-runtime\src\polyfills\require.js:190:12)
λ  WARN  "shadow*" style props are deprecated. Use "boxShadow". 
  console.logWithStack [as warn] (C:\my project\mobile\node_modules\expo\node_modules\@expo\cli\build\src\start\server\serverLogLikeMetro.js:214:27)
  warnOnce (c:\my project\mobile\node_modules\react-native-web\dist\modules\warnOnce\index.js:24:13)
  preprocess (c:\my project\mobile\node_modules\react-native-web\dist\exports\StyleSheet\preprocess.js:136:13)
  compileAndInsertAtomic (c:\my project\mobile\node_modules\react-native-web\dist\exports\StyleSheet\index.js:56:34)
  <unknown> (c:\my project\mobile\node_modules\react-native-web\dist\exports\StyleSheet\index.js:99:26)
  Function.create (c:\my project\mobile\node_modules\react-native-web\dist\exports\StyleSheet\index.js:87:23)
  factory (c:\my project\mobile\src\components\ui.tsx:211:27)
  loadModuleImplementation (c:\my project\mobile\node_modules\metro\node_modules\metro-runtime\src\polyfills\require.js:285:5)
  guardedLoadModule (c:\my project\mobile\node_modules\metro\node_modules\metro-runtime\src\polyfills\require.js:190:12)
λ  WARN  [expo-notifications] Listening to push token changes is not yet fully supported on web. Adding a listener will have no effect. 
  console.logWithStack [as warn] (C:\my project\mobile\node_modules\expo\node_modules\@expo\cli\build\src\start\server\serverLogLikeMetro.js:214:27)
  Object.addListener (c:\my project\mobile\node_modules\expo-notifications\build\PushTokenManager.js:6:21)
  addPushTokenListener (c:\my project\mobile\node_modules\expo-notifications\build\TokenEmitter.js:34:29)
  factory (c:\my project\mobile\node_modules\expo-notifications\build\DevicePushTokenAutoRegistration.fx.js:78:25)
  loadModuleImplementation (c:\my project\mobile\node_modules\metro\node_modules\metro-runtime\src\polyfills\require.js:285:5)
  guardedLoadModule (c:\my project\mobile\node_modules\metro\node_modules\metro-runtime\src\polyfills\require.js:190:12)
  require (c:\my project\mobile\node_modules\metro\node_modules\metro-runtime\src\polyfills\require.js:98:7)
  factory (c:\my project\mobile\node_modules\expo-notifications\build\getExpoPushTokenAsync.js:4:1)
  loadModuleImplementation (c:\my project\mobile\node_modules\metro\node_modules\metro-runtime\src\polyfills\require.js:285:5)
  guardedLoadModule (c:\my project\mobile\node_modules\metro\node_modules\metro-runtime\src\polyfills\require.js:190:12)
λ  WARN  "shadow*" style props are deprecated. Use "boxShadow". 
  console.logWithStack [as warn] (C:\my project\mobile\node_modules\expo\node_modules\@expo\cli\build\src\start\server\serverLogLikeMetro.js:214:27)
  warnOnce (c:\my project\mobile\node_modules\react-native-web\dist\modules\warnOnce\index.js:24:13)
  preprocess (c:\my project\mobile\node_modules\react-native-web\dist\exports\StyleSheet\preprocess.js:136:13)
  compileAndInsertAtomic (c:\my project\mobile\node_modules\react-native-web\dist\exports\StyleSheet\index.js:56:34)
  <unknown> (c:\my project\mobile\node_modules\react-native-web\dist\exports\StyleSheet\index.js:99:26)
  Function.create (c:\my project\mobile\node_modules\react-native-web\dist\exports\StyleSheet\index.js:87:23)
  factory (c:\my project\mobile\src\components\ui.tsx:211:27)
  loadModuleImplementation (c:\my project\mobile\node_modules\metro\node_modules\metro-runtime\src\polyfills\require.js:285:5)
  guardedLoadModule (c:\my project\mobile\node_modules\metro\node_modules\metro-runtime\src\polyfills\require.js:190:12)
λ  WARN  [expo-notifications] Listening to push token changes is not yet fully supported on web. Adding a listener will have no effect. 
  console.logWithStack [as warn] (C:\my project\mobile\node_modules\expo\node_modules\@expo\cli\build\src\start\server\serverLogLikeMetro.js:214:27)
  Object.addListener (c:\my project\mobile\node_modules\expo-notifications\build\PushTokenManager.js:6:21)
  addPushTokenListener (c:\my project\mobile\node_modules\expo-notifications\build\TokenEmitter.js:34:29)
  factory (c:\my project\mobile\node_modules\expo-notifications\build\DevicePushTokenAutoRegistration.fx.js:78:25)
  loadModuleImplementation (c:\my project\mobile\node_modules\metro\node_modules\metro-runtime\src\polyfills\require.js:285:5)
  guardedLoadModule (c:\my project\mobile\node_modules\metro\node_modules\metro-runtime\src\polyfills\require.js:190:12)
  require (c:\my project\mobile\node_modules\metro\node_modules\metro-runtime\src\polyfills\require.js:98:7)
  factory (c:\my project\mobile\node_modules\expo-notifications\build\getExpoPushTokenAsync.js:4:1)
  loadModuleImplementation (c:\my project\mobile\node_modules\metro\node_modules\metro-runtime\src\polyfills\require.js:285:5)
  guardedLoadModule (c:\my project\mobile\node_modules\metro\node_modules\metro-runtime\src\polyfills\require.js:190:12)
λ  WARN  "shadow*" style props are deprecated. Use "boxShadow". 
  console.logWithStack [as warn] (C:\my project\mobile\node_modules\expo\node_modules\@expo\cli\build\src\start\server\serverLogLikeMetro.js:214:27)
  warnOnce (c:\my project\mobile\node_modules\react-native-web\dist\modules\warnOnce\index.js:24:13)
  preprocess (c:\my project\mobile\node_modules\react-native-web\dist\exports\StyleSheet\preprocess.js:136:13)
  compileAndInsertAtomic (c:\my project\mobile\node_modules\react-native-web\dist\exports\StyleSheet\index.js:56:34)
  <unknown> (c:\my project\mobile\node_modules\react-native-web\dist\exports\StyleSheet\index.js:99:26)
  Function.create (c:\my project\mobile\node_modules\react-native-web\dist\exports\StyleSheet\index.js:87:23)
  factory (c:\my project\mobile\src\components\ui.tsx:211:27)
  loadModuleImplementation (c:\my project\mobile\node_modules\metro\node_modules\metro-runtime\src\polyfills\require.js:285:5)
  guardedLoadModule (c:\my project\mobile\node_modules\metro\node_modules\metro-runtime\src\polyfills\require.js:190:12)
λ  WARN  [expo-notifications] Listening to push token changes is not yet fully supported on web. Adding a listener will have no effect. 
  console.logWithStack [as warn] (C:\my project\mobile\node_modules\expo\node_modules\@expo\cli\build\src\start\server\serverLogLikeMetro.js:214:27)
  Object.addListener (c:\my project\mobile\node_modules\expo-notifications\build\PushTokenManager.js:6:21)
  addPushTokenListener (c:\my project\mobile\node_modules\expo-notifications\build\TokenEmitter.js:34:29)
  factory (c:\my project\mobile\node_modules\expo-notifications\build\DevicePushTokenAutoRegistration.fx.js:78:25)
  loadModuleImplementation (c:\my project\mobile\node_modules\metro\node_modules\metro-runtime\src\polyfills\require.js:285:5)
  guardedLoadModule (c:\my project\mobile\node_modules\metro\node_modules\metro-runtime\src\polyfills\require.js:190:12)
  require (c:\my project\mobile\node_modules\metro\node_modules\metro-runtime\src\polyfills\require.js:98:7)
  factory (c:\my project\mobile\node_modules\expo-notifications\build\getExpoPushTokenAsync.js:4:1)
  loadModuleImplementation (c:\my project\mobile\node_modules\metro\node_modules\metro-runtime\src\polyfills\require.js:285:5)
  guardedLoadModule (c:\my project\mobile\node_modules\metro\node_modules\metro-runtime\src\polyfills\require.js:190:12)
λ  WARN  "shadow*" style props are deprecated. Use "boxShadow". 
  console.logWithStack [as warn] (C:\my project\mobile\node_modules\expo\node_modules\@expo\cli\build\src\start\server\serverLogLikeMetro.js:214:27)
  warnOnce (c:\my project\mobile\node_modules\react-native-web\dist\modules\warnOnce\index.js:24:13)
  preprocess (c:\my project\mobile\node_modules\react-native-web\dist\exports\StyleSheet\preprocess.js:136:13)
  compileAndInsertAtomic (c:\my project\mobile\node_modules\react-native-web\dist\exports\StyleSheet\index.js:56:34)
  <unknown> (c:\my project\mobile\node_modules\react-native-web\dist\exports\StyleSheet\index.js:99:26)
  Function.create (c:\my project\mobile\node_modules\react-native-web\dist\exports\StyleSheet\index.js:87:23)
  factory (c:\my project\mobile\src\components\ui.tsx:211:27)
  loadModuleImplementation (c:\my project\mobile\node_modules\metro\node_modules\metro-runtime\src\polyfills\require.js:285:5)
  guardedLoadModule (c:\my project\mobile\node_modules\metro\node_modules\metro-runtime\src\polyfills\require.js:190:12)
λ  WARN  [expo-notifications] Listening to push token changes is not yet fully supported on web. Adding a listener will have no effect. 
  console.logWithStack [as warn] (C:\my project\mobile\node_modules\expo\node_modules\@expo\cli\build\src\start\server\serverLogLikeMetro.js:214:27)
  Object.addListener (c:\my project\mobile\node_modules\expo-notifications\build\PushTokenManager.js:6:21)
  addPushTokenListener (c:\my project\mobile\node_modules\expo-notifications\build\TokenEmitter.js:34:29)
  factory (c:\my project\mobile\node_modules\expo-notifications\build\DevicePushTokenAutoRegistration.fx.js:78:25)
  loadModuleImplementation (c:\my project\mobile\node_modules\metro\node_modules\metro-runtime\src\polyfills\require.js:285:5)
  guardedLoadModule (c:\my project\mobile\node_modules\metro\node_modules\metro-runtime\src\polyfills\require.js:190:12)
  require (c:\my project\mobile\node_modules\metro\node_modules\metro-runtime\src\polyfills\require.js:98:7)
  factory (c:\my project\mobile\node_modules\expo-notifications\build\getExpoPushTokenAsync.js:4:1)
  loadModuleImplementation (c:\my project\mobile\node_modules\metro\node_modules\metro-runtime\src\polyfills\require.js:285:5)
  guardedLoadModule (c:\my project\mobile\node_modules\metro\node_modules\metro-runtime\src\polyfills\require.js:190:12)
λ  WARN  "shadow*" style props are deprecated. Use "boxShadow". 
  console.logWithStack [as warn] (C:\my project\mobile\node_modules\expo\node_modules\@expo\cli\build\src\start\server\serverLogLikeMetro.js:214:27)
  warnOnce (c:\my project\mobile\node_modules\react-native-web\dist\modules\warnOnce\index.js:24:13)
  preprocess (c:\my project\mobile\node_modules\react-native-web\dist\exports\StyleSheet\preprocess.js:136:13)
  compileAndInsertAtomic (c:\my project\mobile\node_modules\react-native-web\dist\exports\StyleSheet\index.js:56:34)
  <unknown> (c:\my project\mobile\node_modules\react-native-web\dist\exports\StyleSheet\index.js:99:26)
  Function.create (c:\my project\mobile\node_modules\react-native-web\dist\exports\StyleSheet\index.js:87:23)
  factory (c:\my project\mobile\src\components\ui.tsx:211:27)
  loadModuleImplementation (c:\my project\mobile\node_modules\metro\node_modules\metro-runtime\src\polyfills\require.js:285:5)
  guardedLoadModule (c:\my project\mobile\node_modules\metro\node_modules\metro-runtime\src\polyfills\require.js:190:12)
λ  WARN  [expo-notifications] Listening to push token changes is not yet fully supported on web. Adding a listener will have no effect. 
  console.logWithStack [as warn] (C:\my project\mobile\node_modules\expo\node_modules\@expo\cli\build\src\start\server\serverLogLikeMetro.js:214:27)
  Object.addListener (c:\my project\mobile\node_modules\expo-notifications\build\PushTokenManager.js:6:21)
  addPushTokenListener (c:\my project\mobile\node_modules\expo-notifications\build\TokenEmitter.js:34:29)
  factory (c:\my project\mobile\node_modules\expo-notifications\build\DevicePushTokenAutoRegistration.fx.js:78:25)
  loadModuleImplementation (c:\my project\mobile\node_modules\metro\node_modules\metro-runtime\src\polyfills\require.js:285:5)
  guardedLoadModule (c:\my project\mobile\node_modules\metro\node_modules\metro-runtime\src\polyfills\require.js:190:12)
  require (c:\my project\mobile\node_modules\metro\node_modules\metro-runtime\src\polyfills\require.js:98:7)
  factory (c:\my project\mobile\node_modules\expo-notifications\build\getExpoPushTokenAsync.js:4:1)
  loadModuleImplementation (c:\my project\mobile\node_modules\metro\node_modules\metro-runtime\src\polyfills\require.js:285:5)
  guardedLoadModule (c:\my project\mobile\node_modules\metro\node_modules\metro-runtime\src\polyfills\require.js:190:12)
λ  WARN  "shadow*" style props are deprecated. Use "boxShadow". 
  console.logWithStack [as warn] (C:\my project\mobile\node_modules\expo\node_modules\@expo\cli\build\src\start\server\serverLogLikeMetro.js:214:27)
  warnOnce (c:\my project\mobile\node_modules\react-native-web\dist\modules\warnOnce\index.js:24:13)
  preprocess (c:\my project\mobile\node_modules\react-native-web\dist\exports\StyleSheet\preprocess.js:136:13)
  compileAndInsertAtomic (c:\my project\mobile\node_modules\react-native-web\dist\exports\StyleSheet\index.js:56:34)
  <unknown> (c:\my project\mobile\node_modules\react-native-web\dist\exports\StyleSheet\index.js:99:26)
  Function.create (c:\my project\mobile\node_modules\react-native-web\dist\exports\StyleSheet\index.js:87:23)
  factory (c:\my project\mobile\src\components\ui.tsx:211:27)
  loadModuleImplementation (c:\my project\mobile\node_modules\metro\node_modules\metro-runtime\src\polyfills\require.js:285:5)
  guardedLoadModule (c:\my project\mobile\node_modules\metro\node_modules\metro-runtime\src\polyfills\require.js:190:12)
λ  WARN  [expo-notifications] Listening to push token changes is not yet fully supported on web. Adding a listener will have no effect. 
  console.logWithStack [as warn] (C:\my project\mobile\node_modules\expo\node_modules\@expo\cli\build\src\start\server\serverLogLikeMetro.js:214:27)
  Object.addListener (c:\my project\mobile\node_modules\expo-notifications\build\PushTokenManager.js:6:21)
  addPushTokenListener (c:\my project\mobile\node_modules\expo-notifications\build\TokenEmitter.js:34:29)
  factory (c:\my project\mobile\node_modules\expo-notifications\build\DevicePushTokenAutoRegistration.fx.js:78:25)
  loadModuleImplementation (c:\my project\mobile\node_modules\metro\node_modules\metro-runtime\src\polyfills\require.js:285:5)
  guardedLoadModule (c:\my project\mobile\node_modules\metro\node_modules\metro-runtime\src\polyfills\require.js:190:12)
  require (c:\my project\mobile\node_modules\metro\node_modules\metro-runtime\src\polyfills\require.js:98:7)
  factory (c:\my project\mobile\node_modules\expo-notifications\build\getExpoPushTokenAsync.js:4:1)
  loadModuleImplementation (c:\my project\mobile\node_modules\metro\node_modules\metro-runtime\src\polyfills\require.js:285:5)
  guardedLoadModule (c:\my project\mobile\node_modules\metro\node_modules\metro-runtime\src\polyfills\require.js:190:12)
λ  WARN  "shadow*" style props are deprecated. Use "boxShadow". 
  console.logWithStack [as warn] (C:\my project\mobile\node_modules\expo\node_modules\@expo\cli\build\src\start\server\serverLogLikeMetro.js:214:27)
  warnOnce (c:\my project\mobile\node_modules\react-native-web\dist\modules\warnOnce\index.js:24:13)
  preprocess (c:\my project\mobile\node_modules\react-native-web\dist\exports\StyleSheet\preprocess.js:136:13)
  compileAndInsertAtomic (c:\my project\mobile\node_modules\react-native-web\dist\exports\StyleSheet\index.js:56:34)
  <unknown> (c:\my project\mobile\node_modules\react-native-web\dist\exports\StyleSheet\index.js:99:26)
  Function.create (c:\my project\mobile\node_modules\react-native-web\dist\exports\StyleSheet\index.js:87:23)
  factory (c:\my project\mobile\src\components\ui.tsx:211:27)
  loadModuleImplementation (c:\my project\mobile\node_modules\metro\node_modules\metro-runtime\src\polyfills\require.js:285:5)
  guardedLoadModule (c:\my project\mobile\node_modules\metro\node_modules\metro-runtime\src\polyfills\require.js:190:12)
λ  WARN  [expo-notifications] Listening to push token changes is not yet fully supported on web. Adding a listener will have no effect. 
  console.logWithStack [as warn] (C:\my project\mobile\node_modules\expo\node_modules\@expo\cli\build\src\start\server\serverLogLikeMetro.js:214:27)
  Object.addListener (c:\my project\mobile\node_modules\expo-notifications\build\PushTokenManager.js:6:21)
  addPushTokenListener (c:\my project\mobile\node_modules\expo-notifications\build\TokenEmitter.js:34:29)
  factory (c:\my project\mobile\node_modules\expo-notifications\build\DevicePushTokenAutoRegistration.fx.js:78:25)
  loadModuleImplementation (c:\my project\mobile\node_modules\metro\node_modules\metro-runtime\src\polyfills\require.js:285:5)
  guardedLoadModule (c:\my project\mobile\node_modules\metro\node_modules\metro-runtime\src\polyfills\require.js:190:12)
  require (c:\my project\mobile\node_modules\metro\node_modules\metro-runtime\src\polyfills\require.js:98:7)
  factory (c:\my project\mobile\node_modules\expo-notifications\build\getExpoPushTokenAsync.js:4:1)
  loadModuleImplementation (c:\my project\mobile\node_modules\metro\node_modules\metro-runtime\src\polyfills\require.js:285:5)
  guardedLoadModule (c:\my project\mobile\node_modules\metro\node_modules\metro-runtime\src\polyfills\require.js:190:12)
λ  WARN  "shadow*" style props are deprecated. Use "boxShadow". 
  console.logWithStack [as warn] (C:\my project\mobile\node_modules\expo\node_modules\@expo\cli\build\src\start\server\serverLogLikeMetro.js:214:27)
  warnOnce (c:\my project\mobile\node_modules\react-native-web\dist\modules\warnOnce\index.js:24:13)
  preprocess (c:\my project\mobile\node_modules\react-native-web\dist\exports\StyleSheet\preprocess.js:136:13)
  compileAndInsertAtomic (c:\my project\mobile\node_modules\react-native-web\dist\exports\StyleSheet\index.js:56:34)
  <unknown> (c:\my project\mobile\node_modules\react-native-web\dist\exports\StyleSheet\index.js:99:26)
  Function.create (c:\my project\mobile\node_modules\react-native-web\dist\exports\StyleSheet\index.js:87:23)
  factory (c:\my project\mobile\src\components\ui.tsx:211:27)
  loadModuleImplementation (c:\my project\mobile\node_modules\metro\node_modules\metro-runtime\src\polyfills\require.js:285:5)
  guardedLoadModule (c:\my project\mobile\node_modules\metro\node_modules\metro-runtime\src\polyfills\require.js:190:12)
λ  WARN  [expo-notifications] Listening to push token changes is not yet fully supported on web. Adding a listener will have no effect. 
  console.logWithStack [as warn] (C:\my project\mobile\node_modules\expo\node_modules\@expo\cli\build\src\start\server\serverLogLikeMetro.js:214:27)
  Object.addListener (c:\my project\mobile\node_modules\expo-notifications\build\PushTokenManager.js:6:21)
  addPushTokenListener (c:\my project\mobile\node_modules\expo-notifications\build\TokenEmitter.js:34:29)
  factory (c:\my project\mobile\node_modules\expo-notifications\build\DevicePushTokenAutoRegistration.fx.js:78:25)
  loadModuleImplementation (c:\my project\mobile\node_modules\metro\node_modules\metro-runtime\src\polyfills\require.js:285:5)
  guardedLoadModule (c:\my project\mobile\node_modules\metro\node_modules\metro-runtime\src\polyfills\require.js:190:12)
  require (c:\my project\mobile\node_modules\metro\node_modules\metro-runtime\src\polyfills\require.js:98:7)
  factory (c:\my project\mobile\node_modules\expo-notifications\build\getExpoPushTokenAsync.js:4:1)
  loadModuleImplementation (c:\my project\mobile\node_modules\metro\node_modules\metro-runtime\src\polyfills\require.js:285:5)
  guardedLoadModule (c:\my project\mobile\node_modules\metro\node_modules\metro-runtime\src\polyfills\require.js:190:12)
λ  WARN  "shadow*" style props are deprecated. Use "boxShadow". 
  console.logWithStack [as warn] (C:\my project\mobile\node_modules\expo\node_modules\@expo\cli\build\src\start\server\serverLogLikeMetro.js:214:27)
  warnOnce (c:\my project\mobile\node_modules\react-native-web\dist\modules\warnOnce\index.js:24:13)
  preprocess (c:\my project\mobile\node_modules\react-native-web\dist\exports\StyleSheet\preprocess.js:136:13)
  compileAndInsertAtomic (c:\my project\mobile\node_modules\react-native-web\dist\exports\StyleSheet\index.js:56:34)
  <unknown> (c:\my project\mobile\node_modules\react-native-web\dist\exports\StyleSheet\index.js:99:26)
  Function.create (c:\my project\mobile\node_modules\react-native-web\dist\exports\StyleSheet\index.js:87:23)
  factory (c:\my project\mobile\src\components\ui.tsx:211:27)
  loadModuleImplementation (c:\my project\mobile\node_modules\metro\node_modules\metro-runtime\src\polyfills\require.js:285:5)
  guardedLoadModule (c:\my project\mobile\node_modules\metro\node_modules\metro-runtime\src\polyfills\require.js:190:12)
